c[ info ] loading hooks...
[ info ] generating indexes...
[ info ] codegen: created 5 file(s)
[ info ] booting application to run tests...

unit / Auth Service (tests\unit\auth_service.spec.ts)
  鈭?generate and verify JWT token (6.4ms)

unit / User Service (tests\unit\user_service.spec.ts)
  鈭?getUserInfo format (0.13ms)

functional / Auth Functional Tests (tests\functional\auth.spec.ts)
[02:30:00.246] [32mINFO[39m (111820): [36mIncoming request: POST /api/v1/auth/register[39m
[02:30:00.805] [32mINFO[39m (111820): [36mOutgoing response: POST /api/v1/auth/register - 200[39m
  鈭?register new account (1s)
  脳 login existing account (4.36ms)
  脳 fail login with wrong password (2.44ms)

functional / User Functional Tests (tests\functional\user.spec.ts)
  脳 get user profile (3.84ms)
[02:30:00.854] [32mINFO[39m (111820): [36mIncoming request: GET /api/v1/users/me[39m
[02:30:00.874] [32mINFO[39m (111820): [36mOutgoing response: GET /api/v1/users/me - 401[39m
  鈭?fail to get profile without token (30.07ms)
  脳 update user profile (1.32ms)

 FAILED 

Tests  4 passed, 4 failed (8)
 Time  1s
